// Jest Snapshot v1, https://goo.gl/fbAQLP

exports[`Shop User Should able to add user by shop owner 1`] = `
Object {
  "name": "Putra Mahkota Staff",
  "role": "ShopStaff",
  "userId": Any<Number>,
}
`;
